[ellipse-glockenspiel-8wf8.squarespace.com/index.html]
[backblue.gif]
[fade.gif]
[index.html]
[ellipse-glockenspiel-8wf8.squarespace.com/cart.html]
[ellipse-glockenspiel-8wf8.squarespace.com/about.html]
[ellipse-glockenspiel-8wf8.squarespace.com/current-info.html]
[ellipse-glockenspiel-8wf8.squarespace.com/quick-links.html]
[ellipse-glockenspiel-8wf8.squarespace.com/new-group-application.html]
[ellipse-glockenspiel-8wf8.squarespace.com/references.html]
[ellipse-glockenspiel-8wf8.squarespace.com/contact-us.html]
[ellipse-glockenspiel-8wf8.squarespace.com/index.html]
[ellipse-glockenspiel-8wf8.squarespace.com/cart.html]
[ellipse-glockenspiel-8wf8.squarespace.com/about.html]
[ellipse-glockenspiel-8wf8.squarespace.com/current-info.html]
[ellipse-glockenspiel-8wf8.squarespace.com/quick-links.html]
[ellipse-glockenspiel-8wf8.squarespace.com/new-group-application.html]
[ellipse-glockenspiel-8wf8.squarespace.com/references.html]
[ellipse-glockenspiel-8wf8.squarespace.com/contact-us.html]
[ellipse-glockenspiel-8wf8.squarespace.com/_https_/www.google.com/calendar/embed5dc7.html]
